[33mÔØ»[39m Building...
[32mÔ£ö[39m Building...
[1mInitial chunk files[22m[2m | [22m[1mNames[22m        [2m | [22m [1mRaw size[22m[2m | [22m[1mEstimated transfer size[22m
[32mmain-ABHF4JKE.js[39m   [2m | [22m[2mmain[22m         [2m | [22m[36m335.08 kB[39m[2m | [22m               [36m91.03 kB[39m
[32mstyles-5INURTSO.css[39m[2m | [22m[2mstyles[22m       [2m | [22m  [36m0 bytes[39m[2m | [22m                [36m0 bytes[39m

[1m [22m                  [2m | [22m[1mInitial total[22m[2m | [22m[1m335.08 kB[22m[2m | [22m               [1m91.03 kB[22m

Application bundle generation complete. [2.800 seconds] - 2026-01-27T16:12:46.138Z

Output location: C:\Users\karlj\Downloads\angular\dist\sitio_estructura

